../BSP/ds1307.c:19:9:ds1307_init	16	static
../BSP/ds1307.c:37:6:ds1307_set_current_time	24	static
../BSP/ds1307.c:60:6:ds1307_get_current_time	24	static
../BSP/ds1307.c:81:6:ds1307_set_current_date	16	static
../BSP/ds1307.c:89:6:ds1307_get_current_date	16	static
../BSP/ds1307.c:101:13:ds1307_i2c_pin_config	32	static
../BSP/ds1307.c:128:13:ds1307_i2c_config	8	static
../BSP/ds1307.c:137:13:ds1307_write	32	static
../BSP/ds1307.c:145:16:ds1307_read	32	static
../BSP/ds1307.c:154:16:binary_to_bcd	24	static
../BSP/ds1307.c:171:16:bcd_to_binary	24	static
