17:40:21 **** Incremental Build of configuration Debug for project stm32f4xx_drivers ****
make -j8 all 
arm-none-eabi-size   stm32f4xx_drivers.elf 
   text	   data	    bss	    dec	    hex	filename
   7476	    136	   1640	   9252	   2424	stm32f4xx_drivers.elf
Finished building: default.size.stdout
 
17:40:55 **** Incremental Build of configuration Debug for project stm32f4xx_drivers ****
make -j8 all 
arm-none-eabi-size   stm32f4xx_drivers.elf 
   text	   data	    bss	    dec	    hex	filename
   7476	    136	   1640	   9252	   2424	stm32f4xx_drivers.elf
Finished building: default.size.stdout
 
17:41:28 **** Incremental Build of configuration Debug for project stm32f4xx_drivers ****
make -j8 all 
arm-none-eabi-size   stm32f4xx_drivers.elf 
   text	   data	    bss	    dec	    hex	filename
   7476	    136	   1640	   9252	   2424	stm32f4xx_drivers.elf
Finished building: default.size.stdout
 
17:42:49 **** Incremental Build of configuration Debug for project stm32f4xx_drivers ****
make -j8 all 
arm-none-eabi-gcc "../BSP/i2c-lcd.c" -mcpu=cortex-m4 -std=gnu11 -g3 -DDEBUG -DSTM32 -DSTM32F407G_DISC1 -DSTM32F4 -DSTM32F407VGTx -c -I../Inc -I"C:/Users/Mahdi Kaffel/Desktop/MCU1/stm32f4xx_drivers/BSP" -I"C:/Users/Mahdi Kaffel/Desktop/MCU1/stm32f4xx_drivers/drivers/Inc" -O0 -ffunction-sections -fdata-sections -Wall -fstack-usage -fcyclomatic-complexity -MMD -MP -MF"BSP/i2c-lcd.d" -MT"BSP/i2c-lcd.o" --specs=nano.specs -mfpu=fpv4-sp-d16 -mfloat-abi=hard -mthumb -o "BSP/i2c-lcd.o"
arm-none-eabi-gcc -o "stm32f4xx_drivers.elf" @"objects.list"   -mcpu=cortex-m4 -T"C:\Users\Mahdi Kaffel\Desktop\MCU1\stm32f4xx_drivers\STM32F407VGTX_FLASH.ld" --specs=nosys.specs -Wl,-Map="stm32f4xx_drivers.map" -Wl,--gc-sections -static --specs=nano.specs -mfpu=fpv4-sp-d16 -mfloat-abi=hard -mthumb -Wl,--start-group -lc -lm -Wl,--end-group
Finished building target: stm32f4xx_drivers.elf
 
arm-none-eabi-size   stm32f4xx_drivers.elf 
arm-none-eabi-objdump -h -S  stm32f4xx_drivers.elf  > "stm32f4xx_drivers.list"
   text	   data	    bss	    dec	    hex	filename
   7544	    136	   1640	   9320	   2468	stm32f4xx_drivers.elf
Finished building: default.size.stdout
 
Finished building: stm32f4xx_drivers.list
 
17:44:49 **** Incremental Build of configuration Debug for project stm32f4xx_drivers ****
make -j8 all 
arm-none-eabi-gcc "../BSP/i2c-lcd.c" -mcpu=cortex-m4 -std=gnu11 -g3 -DDEBUG -DSTM32 -DSTM32F407G_DISC1 -DSTM32F4 -DSTM32F407VGTx -c -I../Inc -I"C:/Users/Mahdi Kaffel/Desktop/MCU1/stm32f4xx_drivers/BSP" -I"C:/Users/Mahdi Kaffel/Desktop/MCU1/stm32f4xx_drivers/drivers/Inc" -O0 -ffunction-sections -fdata-sections -Wall -fstack-usage -fcyclomatic-complexity -MMD -MP -MF"BSP/i2c-lcd.d" -MT"BSP/i2c-lcd.o" --specs=nano.specs -mfpu=fpv4-sp-d16 -mfloat-abi=hard -mthumb -o "BSP/i2c-lcd.o"
arm-none-eabi-gcc -o "stm32f4xx_drivers.elf" @"objects.list"   -mcpu=cortex-m4 -T"C:\Users\Mahdi Kaffel\Desktop\MCU1\stm32f4xx_drivers\STM32F407VGTX_FLASH.ld" --specs=nosys.specs -Wl,-Map="stm32f4xx_drivers.map" -Wl,--gc-sections -static --specs=nano.specs -mfpu=fpv4-sp-d16 -mfloat-abi=hard -mthumb -Wl,--start-group -lc -lm -Wl,--end-group
Finished building target: stm32f4xx_drivers.elf
 
arm-none-eabi-size   stm32f4xx_drivers.elf 
arm-none-eabi-objdump -h -S  stm32f4xx_drivers.elf  > "stm32f4xx_drivers.list"
   text	   data	    bss	    dec	    hex	filename
   7544	    136	   1640	   9320	   2468	stm32f4xx_drivers.elf
Finished building: default.size.stdout
 
Finished building: stm32f4xx_drivers.list
 
17:45:56 **** Incremental Build of configuration Debug for project stm32f4xx_drivers ****
make -j8 all 
arm-none-eabi-gcc "../BSP/i2c-lcd.c" -mcpu=cortex-m4 -std=gnu11 -g3 -DDEBUG -DSTM32 -DSTM32F407G_DISC1 -DSTM32F4 -DSTM32F407VGTx -c -I../Inc -I"C:/Users/Mahdi Kaffel/Desktop/MCU1/stm32f4xx_drivers/BSP" -I"C:/Users/Mahdi Kaffel/Desktop/MCU1/stm32f4xx_drivers/drivers/Inc" -O0 -ffunction-sections -fdata-sections -Wall -fstack-usage -fcyclomatic-complexity -MMD -MP -MF"BSP/i2c-lcd.d" -MT"BSP/i2c-lcd.o" --specs=nano.specs -mfpu=fpv4-sp-d16 -mfloat-abi=hard -mthumb -o "BSP/i2c-lcd.o"
arm-none-eabi-gcc -o "stm32f4xx_drivers.elf" @"objects.list"   -mcpu=cortex-m4 -T"C:\Users\Mahdi Kaffel\Desktop\MCU1\stm32f4xx_drivers\STM32F407VGTX_FLASH.ld" --specs=nosys.specs -Wl,-Map="stm32f4xx_drivers.map" -Wl,--gc-sections -static --specs=nano.specs -mfpu=fpv4-sp-d16 -mfloat-abi=hard -mthumb -Wl,--start-group -lc -lm -Wl,--end-group
Finished building target: stm32f4xx_drivers.elf
 
arm-none-eabi-size   stm32f4xx_drivers.elf 
arm-none-eabi-objdump -h -S  stm32f4xx_drivers.elf  > "stm32f4xx_drivers.list"
   text	   data	    bss	    dec	    hex	filename
   7544	    136	   1640	   9320	   2468	stm32f4xx_drivers.elf
Finished building: default.size.stdout
 
Finished building: stm32f4xx_drivers.list
 
17:47:58 **** Incremental Build of configuration Debug for project stm32f4xx_drivers ****
make -j8 all 
arm-none-eabi-gcc "../BSP/i2c-lcd.c" -mcpu=cortex-m4 -std=gnu11 -g3 -DDEBUG -DSTM32 -DSTM32F407G_DISC1 -DSTM32F4 -DSTM32F407VGTx -c -I../Inc -I"C:/Users/Mahdi Kaffel/Desktop/MCU1/stm32f4xx_drivers/BSP" -I"C:/Users/Mahdi Kaffel/Desktop/MCU1/stm32f4xx_drivers/drivers/Inc" -O0 -ffunction-sections -fdata-sections -Wall -fstack-usage -fcyclomatic-complexity -MMD -MP -MF"BSP/i2c-lcd.d" -MT"BSP/i2c-lcd.o" --specs=nano.specs -mfpu=fpv4-sp-d16 -mfloat-abi=hard -mthumb -o "BSP/i2c-lcd.o"
arm-none-eabi-gcc -o "stm32f4xx_drivers.elf" @"objects.list"   -mcpu=cortex-m4 -T"C:\Users\Mahdi Kaffel\Desktop\MCU1\stm32f4xx_drivers\STM32F407VGTX_FLASH.ld" --specs=nosys.specs -Wl,-Map="stm32f4xx_drivers.map" -Wl,--gc-sections -static --specs=nano.specs -mfpu=fpv4-sp-d16 -mfloat-abi=hard -mthumb -Wl,--start-group -lc -lm -Wl,--end-group
Finished building target: stm32f4xx_drivers.elf
 
arm-none-eabi-size   stm32f4xx_drivers.elf 
arm-none-eabi-objdump -h -S  stm32f4xx_drivers.elf  > "stm32f4xx_drivers.list"
   text	   data	    bss	    dec	    hex	filename
   7544	    136	   1640	   9320	   2468	stm32f4xx_drivers.elf
Finished building: default.size.stdout
 
Finished building: stm32f4xx_drivers.list
 
17:49:02 **** Incremental Build of configuration Debug for project stm32f4xx_drivers ****
make -j8 all 
arm-none-eabi-gcc "../BSP/i2c-lcd.c" -mcpu=cortex-m4 -std=gnu11 -g3 -DDEBUG -DSTM32 -DSTM32F407G_DISC1 -DSTM32F4 -DSTM32F407VGTx -c -I../Inc -I"C:/Users/Mahdi Kaffel/Desktop/MCU1/stm32f4xx_drivers/BSP" -I"C:/Users/Mahdi Kaffel/Desktop/MCU1/stm32f4xx_drivers/drivers/Inc" -O0 -ffunction-sections -fdata-sections -Wall -fstack-usage -fcyclomatic-complexity -MMD -MP -MF"BSP/i2c-lcd.d" -MT"BSP/i2c-lcd.o" --specs=nano.specs -mfpu=fpv4-sp-d16 -mfloat-abi=hard -mthumb -o "BSP/i2c-lcd.o"
arm-none-eabi-gcc -o "stm32f4xx_drivers.elf" @"objects.list"   -mcpu=cortex-m4 -T"C:\Users\Mahdi Kaffel\Desktop\MCU1\stm32f4xx_drivers\STM32F407VGTX_FLASH.ld" --specs=nosys.specs -Wl,-Map="stm32f4xx_drivers.map" -Wl,--gc-sections -static --specs=nano.specs -mfpu=fpv4-sp-d16 -mfloat-abi=hard -mthumb -Wl,--start-group -lc -lm -Wl,--end-group
Finished building target: stm32f4xx_drivers.elf
 
arm-none-eabi-size   stm32f4xx_drivers.elf 
arm-none-eabi-objdump -h -S  stm32f4xx_drivers.elf  > "stm32f4xx_drivers.list"
   text	   data	    bss	    dec	    hex	filename
   7544	    136	   1640	   9320	   2468	stm32f4xx_drivers.elf
Finished building: default.size.stdout
 
Finished building: stm32f4xx_drivers.list
 
